// Jest Snapshot v1, https://goo.gl/fbAQLP

exports[`Shop component renders the component 1`] = `
Object {
  "asFragment": [Function],
  "baseElement": <body>
    <div>
      <div>
        <div>
          <div
            class="note"
          >
            <em>
              Note: this is not an actual store. It's simply a site created for learning purposes. I'm not actually selling anything, least of all Autechre's music!
              <br />
              But you should definitely go listen to Autechre right now!
            </em>
          </div>
          <div
            class="navbar"
          >
            <a
              href="#/"
            >
              <img
                alt="VAA logo"
                src="logo.png"
                width="50"
              />
            </a>
            <a
              href="#/"
            >
              Home
            </a>
            <a
              href="#/shop"
            >
              Shop
            </a>
          </div>
        </div>
        <div
          class="top-of-shop"
        >
          <div>
            Vintage Autechre Albums
          </div>
          <div
            class="items-and-button"
          >
            <div
              class="icon-and-num"
            >
              <img
                alt="A shopping cart logo"
                src="shopping-cart-icon.svg"
                width="50"
              />
              <div
                class="num-in-cart"
                data-testid="num-in-cart"
              >
                0
              </div>
            </div>
            <button>
              Go To Cart
            </button>
          </div>
        </div>
        <div
          class="card-container"
        >
          <div
            class="card"
          >
            <img
              alt="Incunabula Album Cover"
              src="https://i.discogs.com/0KFGgi-D9w_TvEsd4q-P8G5Vnexb3rDxSUXshBTP5xw/rs:fit/g:sm/q:90/h:599/w:599/czM6Ly9kaXNjb2dz/LWRhdGFiYXNlLWlt/YWdlcy9SLTI5OTAw/LTE2MTM1OTMxNTgt/NjQwMS5wbmc.jpeg"
              width="178"
            />
            <div
              class="title"
            >
              Incunabula
            </div>
            <div
              class="stats"
            >
              1993. Debut album. 77:50
            </div>
            <div
              class="description"
            >
              First explorations and early versions of the duo's unique sound.
            </div>
            <div
              class="form"
            >
              <form>
                <div
                  class="input-and-add"
                >
                  <input
                    aria-label="Incunabula"
                    class="input"
                    max="100"
                    min="1"
                    placeholder="0"
                    required=""
                    size="5"
                    type="number"
                  />
                  <button
                    class="button"
                    data-testid="Incunabula"
                    type="submit"
                  >
                    Add To Cart
                  </button>
                </div>
              </form>
            </div>
          </div>
          <div
            class="card"
          >
            <img
              alt="Amber Album Cover"
              src="https://i.discogs.com/N9vUT9NvRU-5h8-Qf1dGfMkKNFd2Zoilo-Gmt3PWPOs/rs:fit/g:sm/q:90/h:600/w:600/czM6Ly9kaXNjb2dz/LWRhdGFiYXNlLWlt/YWdlcy9SLTI0OTQt/MTE1OTgxNDIzNS5q/cGVn.jpeg"
              width="178"
            />
            <div
              class="title"
            >
              Amber
            </div>
            <div
              class="stats"
            >
              1994. Second album. 74:27
            </div>
            <div
              class="description"
            >
              A dark set of soundscapes, some of which could be described as ambient.
            </div>
            <div
              class="form"
            >
              <form>
                <div
                  class="input-and-add"
                >
                  <input
                    aria-label="Amber"
                    class="input"
                    max="100"
                    min="1"
                    placeholder="0"
                    required=""
                    size="5"
                    type="number"
                  />
                  <button
                    class="button"
                    data-testid="Amber"
                    type="submit"
                  >
                    Add To Cart
                  </button>
                </div>
              </form>
            </div>
          </div>
          <div
            class="card"
          >
            <img
              alt="Tri Repetae Album Cover"
              src="https://i.discogs.com/U5ZWcUltD6rFjocqtOO1rQZ60lTq22m4ntZvhEKBxxU/rs:fit/g:sm/q:90/h:599/w:600/czM6Ly9kaXNjb2dz/LWRhdGFiYXNlLWlt/YWdlcy9SLTk1OTcx/ODItMTQ4MzM5NjY0/OS00MDMyLmpwZWc.jpeg"
              width="178"
            />
            <div
              class="title"
            >
              Tri Repetae
            </div>
            <div
              class="stats"
            >
              1995. Third album. 72:29
            </div>
            <div
              class="description"
            >
              Venturing into harsh beats and mechanical sounds, this is Autechre coming into their own.
            </div>
            <div
              class="form"
            >
              <form>
                <div
                  class="input-and-add"
                >
                  <input
                    aria-label="Tri Repetae"
                    class="input"
                    max="100"
                    min="1"
                    placeholder="0"
                    required=""
                    size="5"
                    type="number"
                  />
                  <button
                    class="button"
                    data-testid="Tri Repetae"
                    type="submit"
                  >
                    Add To Cart
                  </button>
                </div>
              </form>
            </div>
          </div>
          <div
            class="card"
          >
            <img
              alt="Chiastic Slide Album Cover"
              src="https://i.discogs.com/0-NYLZSAqU1h4B_nbVPC5GvFmG1zvc586xjFhRI6cXI/rs:fit/g:sm/q:90/h:600/w:598/czM6Ly9kaXNjb2dz/LWRhdGFiYXNlLWlt/YWdlcy9SLTI0OTYt/MTE0NDIxMzUyNi5q/cGVn.jpeg"
              width="178"
            />
            <div
              class="title"
            >
              Chiastic Slide
            </div>
            <div
              class="stats"
            >
              1997. Fourth album. 69:48
            </div>
            <div
              class="description"
            >
              Initially widely panned, now widely considered the groundbreaking album that it is.
            </div>
            <div
              class="form"
            >
              <form>
                <div
                  class="input-and-add"
                >
                  <input
                    aria-label="Chiastic Slide"
                    class="input"
                    max="100"
                    min="1"
                    placeholder="0"
                    required=""
                    size="5"
                    type="number"
                  />
                  <button
                    class="button"
                    data-testid="Chiastic Slide"
                    type="submit"
                  >
                    Add To Cart
                  </button>
                </div>
              </form>
            </div>
          </div>
          <div
            class="card"
          >
            <img
              alt="LP5 Album Cover"
              src="https://i.discogs.com/CsMRy50VLb7-Xnz-lEcASM7y9PAFXlFRQHz18UdRTxs/rs:fit/g:sm/q:90/h:600/w:600/czM6Ly9kaXNjb2dz/LWRhdGFiYXNlLWlt/YWdlcy9SLTI3NTkt/MTYxMzU5Mjk5Ni02/MzA5LnBuZw.jpeg"
              width="178"
            />
            <div
              class="title"
            >
              LP5
            </div>
            <div
              class="stats"
            >
              1998. Fifth album. Self-titled but known generally as LP5. 76:16 including silence and hidden track.
            </div>
            <div
              class="description"
            >
              Considered Autechre's last 'widely accessible' album.
            </div>
            <div
              class="form"
            >
              <form>
                <div
                  class="input-and-add"
                >
                  <input
                    aria-label="LP5"
                    class="input"
                    max="100"
                    min="1"
                    placeholder="0"
                    required=""
                    size="5"
                    type="number"
                  />
                  <button
                    class="button"
                    data-testid="LP5"
                    type="submit"
                  >
                    Add To Cart
                  </button>
                </div>
              </form>
            </div>
          </div>
          <div
            class="card"
          >
            <img
              alt="Confield Album Cover"
              src="https://i.discogs.com/b77HFyVh7gR_urHff2UuoO8ek_Ih5Yn6_Yf_WU7SNMw/rs:fit/g:sm/q:90/h:599/w:600/czM6Ly9kaXNjb2dz/LWRhdGFiYXNlLWlt/YWdlcy9SLTQwNDYt/MTI4Mjc3MTUyMy5q/cGVn.jpeg"
              width="178"
            />
            <div
              class="title"
            >
              Confield
            </div>
            <div
              class="stats"
            >
              2001. Sixth album. 62:00
            </div>
            <div
              class="description"
            >
              A stark turn away from conventional tonality and rhythm. Often considered Autechre's masterpiece.
            </div>
            <div
              class="form"
            >
              <form>
                <div
                  class="input-and-add"
                >
                  <input
                    aria-label="Confield"
                    class="input"
                    max="100"
                    min="1"
                    placeholder="0"
                    required=""
                    size="5"
                    type="number"
                  />
                  <button
                    class="button"
                    data-testid="Confield"
                    type="submit"
                  >
                    Add To Cart
                  </button>
                </div>
              </form>
            </div>
          </div>
          <div
            class="card"
          >
            <img
              alt="Draft 7.30 Album Cover"
              src="https://i.discogs.com/_UtJLZXKf1B2mgxljNJXjbOgy93gGJOQ9yIJVm4FdmM/rs:fit/g:sm/q:90/h:597/w:600/czM6Ly9kaXNjb2dz/LWRhdGFiYXNlLWlt/YWdlcy9SLTEzMDEx/NS0xMTYxMzUzMTQy/LmpwZWc.jpeg"
              width="178"
            />
            <div
              class="title"
            >
              Draft 7.30
            </div>
            <div
              class="stats"
            >
              2003. Seventh album. 62:46
            </div>
            <div
              class="description"
            >
              Somewhat of a combination of the more conventional beats and tonalities of LP5 with the experimental sounds of Confield.
            </div>
            <div
              class="form"
            >
              <form>
                <div
                  class="input-and-add"
                >
                  <input
                    aria-label="Draft 7.30"
                    class="input"
                    max="100"
                    min="1"
                    placeholder="0"
                    required=""
                    size="5"
                    type="number"
                  />
                  <button
                    class="button"
                    data-testid="Draft 7.30"
                    type="submit"
                  >
                    Add To Cart
                  </button>
                </div>
              </form>
            </div>
          </div>
          <div
            class="card"
          >
            <img
              alt="Untilted Album Cover"
              src="https://i.discogs.com/oW4jHzj0vuFfs3xBv8Gxap-S56198cwcNrm0MZ3kh_g/rs:fit/g:sm/q:90/h:600/w:599/czM6Ly9kaXNjb2dz/LWRhdGFiYXNlLWlt/YWdlcy9SLTQxNDY0/Ni0xMjcyMjk4Njkw/LmpwZWc.jpeg"
              width="178"
            />
            <div
              class="title"
            >
              Untilted
            </div>
            <div
              class="stats"
            >
              2005. Eighth album. 69:50
            </div>
            <div
              class="description"
            >
              A jolt of aggressive, even aggressively funky at times, beat-driven tracks. The title's pun is apt for this more straight-ahead album.
            </div>
            <div
              class="form"
            >
              <form>
                <div
                  class="input-and-add"
                >
                  <input
                    aria-label="Untilted"
                    class="input"
                    max="100"
                    min="1"
                    placeholder="0"
                    required=""
                    size="5"
                    type="number"
                  />
                  <button
                    class="button"
                    data-testid="Untilted"
                    type="submit"
                  >
                    Add To Cart
                  </button>
                </div>
              </form>
            </div>
          </div>
          <div
            class="card"
          >
            <img
              alt="Quaristice Album Cover"
              src="https://i.discogs.com/YT219griISwRINCPR829FtVMYdDptGvCoi57KsHKx5k/rs:fit/g:sm/q:90/h:597/w:600/czM6Ly9kaXNjb2dz/LWRhdGFiYXNlLWlt/YWdlcy9SLTEyNTUx/MDQtMTM3OTQ2ODgx/OC01NjkxLmpwZWc.jpeg"
              width="178"
            />
            <div
              class="title"
            >
              Quaristice
            </div>
            <div
              class="stats"
            >
              2008. Ninth album. 73:15
            </div>
            <div
              class="description"
            >
              Another left turn as the duo released 20 short, widely varied tracks. Extended digital-only versions were released later.
            </div>
            <div
              class="form"
            >
              <form>
                <div
                  class="input-and-add"
                >
                  <input
                    aria-label="Quaristice"
                    class="input"
                    max="100"
                    min="1"
                    placeholder="0"
                    required=""
                    size="5"
                    type="number"
                  />
                  <button
                    class="button"
                    data-testid="Quaristice"
                    type="submit"
                  >
                    Add To Cart
                  </button>
                </div>
              </form>
            </div>
          </div>
          <div
            class="card"
          >
            <img
              alt="Oversteps Album Cover"
              src="https://upload.wikimedia.org/wikipedia/en/c/cc/Autechre_-_Oversteps.jpg"
              width="178"
            />
            <div
              class="title"
            >
              Oversteps
            </div>
            <div
              class="stats"
            >
              2010. Tenth album. 68:23
            </div>
            <div
              class="description"
            >
              Autechre continued to surprise their audience by releasing a remarkeably subdued album, almost ambient in places, and much less beat-driven.
            </div>
            <div
              class="form"
            >
              <form>
                <div
                  class="input-and-add"
                >
                  <input
                    aria-label="Oversteps"
                    class="input"
                    max="100"
                    min="1"
                    placeholder="0"
                    required=""
                    size="5"
                    type="number"
                  />
                  <button
                    class="button"
                    data-testid="Oversteps"
                    type="submit"
                  >
                    Add To Cart
                  </button>
                </div>
              </form>
            </div>
          </div>
          <div
            class="card"
          >
            <img
              alt="Exai Album Cover"
              src="https://i.discogs.com/78OozM9lvI0cOeO5WCyI0cS3mNo4SLtvqXM50sLER48/rs:fit/g:sm/q:90/h:595/w:600/czM6Ly9kaXNjb2dz/LWRhdGFiYXNlLWlt/YWdlcy9SLTQzMzgx/NDQtMTM2ODA4NTIy/NC02ODQwLmpwZWc.jpeg"
              width="178"
            />
            <div
              class="title"
            >
              Exai
            </div>
            <div
              class="stats"
            >
              2013. Eleventh album. 121:32
            </div>
            <div
              class="description"
            >
              The first double album by the duo. A mix of rough challenging beats and occasional more serene moments.
            </div>
            <div
              class="form"
            >
              <form>
                <div
                  class="input-and-add"
                >
                  <input
                    aria-label="Exai"
                    class="input"
                    max="100"
                    min="1"
                    placeholder="0"
                    required=""
                    size="5"
                    type="number"
                  />
                  <button
                    class="button"
                    data-testid="Exai"
                    type="submit"
                  >
                    Add To Cart
                  </button>
                </div>
              </form>
            </div>
          </div>
          <div
            class="card"
          >
            <img
              alt="elseq 1-5 Album Cover"
              src="https://d1rgjmn2wmqeif.cloudfront.net/r/73330-1.jpg"
              width="178"
            />
            <div
              class="title"
            >
              elseq 1-5
            </div>
            <div
              class="stats"
            >
              2016. Twelth album. Only available in digital format. 247:49
            </div>
            <div
              class="description"
            >
              A set of 5 mini-albums comprising 4 hours of music. Sprawling and epic. Only surpassed in scope by the 8-hour NTS Sessions in 2018.
            </div>
            <div
              class="form"
            >
              <form>
                <div
                  class="input-and-add"
                >
                  <input
                    aria-label="elseq 1-5"
                    class="input"
                    max="100"
                    min="1"
                    placeholder="0"
                    required=""
                    size="5"
                    type="number"
                  />
                  <button
                    class="button"
                    data-testid="elseq 1-5"
                    type="submit"
                  >
                    Add To Cart
                  </button>
                </div>
              </form>
            </div>
          </div>
        </div>
      </div>
    </div>
  </body>,
  "container": <div>
    <div>
      <div>
        <div
          class="note"
        >
          <em>
            Note: this is not an actual store. It's simply a site created for learning purposes. I'm not actually selling anything, least of all Autechre's music!
            <br />
            But you should definitely go listen to Autechre right now!
          </em>
        </div>
        <div
          class="navbar"
        >
          <a
            href="#/"
          >
            <img
              alt="VAA logo"
              src="logo.png"
              width="50"
            />
          </a>
          <a
            href="#/"
          >
            Home
          </a>
          <a
            href="#/shop"
          >
            Shop
          </a>
        </div>
      </div>
      <div
        class="top-of-shop"
      >
        <div>
          Vintage Autechre Albums
        </div>
        <div
          class="items-and-button"
        >
          <div
            class="icon-and-num"
          >
            <img
              alt="A shopping cart logo"
              src="shopping-cart-icon.svg"
              width="50"
            />
            <div
              class="num-in-cart"
              data-testid="num-in-cart"
            >
              0
            </div>
          </div>
          <button>
            Go To Cart
          </button>
        </div>
      </div>
      <div
        class="card-container"
      >
        <div
          class="card"
        >
          <img
            alt="Incunabula Album Cover"
            src="https://i.discogs.com/0KFGgi-D9w_TvEsd4q-P8G5Vnexb3rDxSUXshBTP5xw/rs:fit/g:sm/q:90/h:599/w:599/czM6Ly9kaXNjb2dz/LWRhdGFiYXNlLWlt/YWdlcy9SLTI5OTAw/LTE2MTM1OTMxNTgt/NjQwMS5wbmc.jpeg"
            width="178"
          />
          <div
            class="title"
          >
            Incunabula
          </div>
          <div
            class="stats"
          >
            1993. Debut album. 77:50
          </div>
          <div
            class="description"
          >
            First explorations and early versions of the duo's unique sound.
          </div>
          <div
            class="form"
          >
            <form>
              <div
                class="input-and-add"
              >
                <input
                  aria-label="Incunabula"
                  class="input"
                  max="100"
                  min="1"
                  placeholder="0"
                  required=""
                  size="5"
                  type="number"
                />
                <button
                  class="button"
                  data-testid="Incunabula"
                  type="submit"
                >
                  Add To Cart
                </button>
              </div>
            </form>
          </div>
        </div>
        <div
          class="card"
        >
          <img
            alt="Amber Album Cover"
            src="https://i.discogs.com/N9vUT9NvRU-5h8-Qf1dGfMkKNFd2Zoilo-Gmt3PWPOs/rs:fit/g:sm/q:90/h:600/w:600/czM6Ly9kaXNjb2dz/LWRhdGFiYXNlLWlt/YWdlcy9SLTI0OTQt/MTE1OTgxNDIzNS5q/cGVn.jpeg"
            width="178"
          />
          <div
            class="title"
          >
            Amber
          </div>
          <div
            class="stats"
          >
            1994. Second album. 74:27
          </div>
          <div
            class="description"
          >
            A dark set of soundscapes, some of which could be described as ambient.
          </div>
          <div
            class="form"
          >
            <form>
              <div
                class="input-and-add"
              >
                <input
                  aria-label="Amber"
                  class="input"
                  max="100"
                  min="1"
                  placeholder="0"
                  required=""
                  size="5"
                  type="number"
                />
                <button
                  class="button"
                  data-testid="Amber"
                  type="submit"
                >
                  Add To Cart
                </button>
              </div>
            </form>
          </div>
        </div>
        <div
          class="card"
        >
          <img
            alt="Tri Repetae Album Cover"
            src="https://i.discogs.com/U5ZWcUltD6rFjocqtOO1rQZ60lTq22m4ntZvhEKBxxU/rs:fit/g:sm/q:90/h:599/w:600/czM6Ly9kaXNjb2dz/LWRhdGFiYXNlLWlt/YWdlcy9SLTk1OTcx/ODItMTQ4MzM5NjY0/OS00MDMyLmpwZWc.jpeg"
            width="178"
          />
          <div
            class="title"
          >
            Tri Repetae
          </div>
          <div
            class="stats"
          >
            1995. Third album. 72:29
          </div>
          <div
            class="description"
          >
            Venturing into harsh beats and mechanical sounds, this is Autechre coming into their own.
          </div>
          <div
            class="form"
          >
            <form>
              <div
                class="input-and-add"
              >
                <input
                  aria-label="Tri Repetae"
                  class="input"
                  max="100"
                  min="1"
                  placeholder="0"
                  required=""
                  size="5"
                  type="number"
                />
                <button
                  class="button"
                  data-testid="Tri Repetae"
                  type="submit"
                >
                  Add To Cart
                </button>
              </div>
            </form>
          </div>
        </div>
        <div
          class="card"
        >
          <img
            alt="Chiastic Slide Album Cover"
            src="https://i.discogs.com/0-NYLZSAqU1h4B_nbVPC5GvFmG1zvc586xjFhRI6cXI/rs:fit/g:sm/q:90/h:600/w:598/czM6Ly9kaXNjb2dz/LWRhdGFiYXNlLWlt/YWdlcy9SLTI0OTYt/MTE0NDIxMzUyNi5q/cGVn.jpeg"
            width="178"
          />
          <div
            class="title"
          >
            Chiastic Slide
          </div>
          <div
            class="stats"
          >
            1997. Fourth album. 69:48
          </div>
          <div
            class="description"
          >
            Initially widely panned, now widely considered the groundbreaking album that it is.
          </div>
          <div
            class="form"
          >
            <form>
              <div
                class="input-and-add"
              >
                <input
                  aria-label="Chiastic Slide"
                  class="input"
                  max="100"
                  min="1"
                  placeholder="0"
                  required=""
                  size="5"
                  type="number"
                />
                <button
                  class="button"
                  data-testid="Chiastic Slide"
                  type="submit"
                >
                  Add To Cart
                </button>
              </div>
            </form>
          </div>
        </div>
        <div
          class="card"
        >
          <img
            alt="LP5 Album Cover"
            src="https://i.discogs.com/CsMRy50VLb7-Xnz-lEcASM7y9PAFXlFRQHz18UdRTxs/rs:fit/g:sm/q:90/h:600/w:600/czM6Ly9kaXNjb2dz/LWRhdGFiYXNlLWlt/YWdlcy9SLTI3NTkt/MTYxMzU5Mjk5Ni02/MzA5LnBuZw.jpeg"
            width="178"
          />
          <div
            class="title"
          >
            LP5
          </div>
          <div
            class="stats"
          >
            1998. Fifth album. Self-titled but known generally as LP5. 76:16 including silence and hidden track.
          </div>
          <div
            class="description"
          >
            Considered Autechre's last 'widely accessible' album.
          </div>
          <div
            class="form"
          >
            <form>
              <div
                class="input-and-add"
              >
                <input
                  aria-label="LP5"
                  class="input"
                  max="100"
                  min="1"
                  placeholder="0"
                  required=""
                  size="5"
                  type="number"
                />
                <button
                  class="button"
                  data-testid="LP5"
                  type="submit"
                >
                  Add To Cart
                </button>
              </div>
            </form>
          </div>
        </div>
        <div
          class="card"
        >
          <img
            alt="Confield Album Cover"
            src="https://i.discogs.com/b77HFyVh7gR_urHff2UuoO8ek_Ih5Yn6_Yf_WU7SNMw/rs:fit/g:sm/q:90/h:599/w:600/czM6Ly9kaXNjb2dz/LWRhdGFiYXNlLWlt/YWdlcy9SLTQwNDYt/MTI4Mjc3MTUyMy5q/cGVn.jpeg"
            width="178"
          />
          <div
            class="title"
          >
            Confield
          </div>
          <div
            class="stats"
          >
            2001. Sixth album. 62:00
          </div>
          <div
            class="description"
          >
            A stark turn away from conventional tonality and rhythm. Often considered Autechre's masterpiece.
          </div>
          <div
            class="form"
          >
            <form>
              <div
                class="input-and-add"
              >
                <input
                  aria-label="Confield"
                  class="input"
                  max="100"
                  min="1"
                  placeholder="0"
                  required=""
                  size="5"
                  type="number"
                />
                <button
                  class="button"
                  data-testid="Confield"
                  type="submit"
                >
                  Add To Cart
                </button>
              </div>
            </form>
          </div>
        </div>
        <div
          class="card"
        >
          <img
            alt="Draft 7.30 Album Cover"
            src="https://i.discogs.com/_UtJLZXKf1B2mgxljNJXjbOgy93gGJOQ9yIJVm4FdmM/rs:fit/g:sm/q:90/h:597/w:600/czM6Ly9kaXNjb2dz/LWRhdGFiYXNlLWlt/YWdlcy9SLTEzMDEx/NS0xMTYxMzUzMTQy/LmpwZWc.jpeg"
            width="178"
          />
          <div
            class="title"
          >
            Draft 7.30
          </div>
          <div
            class="stats"
          >
            2003. Seventh album. 62:46
          </div>
          <div
            class="description"
          >
            Somewhat of a combination of the more conventional beats and tonalities of LP5 with the experimental sounds of Confield.
          </div>
          <div
            class="form"
          >
            <form>
              <div
                class="input-and-add"
              >
                <input
                  aria-label="Draft 7.30"
                  class="input"
                  max="100"
                  min="1"
                  placeholder="0"
                  required=""
                  size="5"
                  type="number"
                />
                <button
                  class="button"
                  data-testid="Draft 7.30"
                  type="submit"
                >
                  Add To Cart
                </button>
              </div>
            </form>
          </div>
        </div>
        <div
          class="card"
        >
          <img
            alt="Untilted Album Cover"
            src="https://i.discogs.com/oW4jHzj0vuFfs3xBv8Gxap-S56198cwcNrm0MZ3kh_g/rs:fit/g:sm/q:90/h:600/w:599/czM6Ly9kaXNjb2dz/LWRhdGFiYXNlLWlt/YWdlcy9SLTQxNDY0/Ni0xMjcyMjk4Njkw/LmpwZWc.jpeg"
            width="178"
          />
          <div
            class="title"
          >
            Untilted
          </div>
          <div
            class="stats"
          >
            2005. Eighth album. 69:50
          </div>
          <div
            class="description"
          >
            A jolt of aggressive, even aggressively funky at times, beat-driven tracks. The title's pun is apt for this more straight-ahead album.
          </div>
          <div
            class="form"
          >
            <form>
              <div
                class="input-and-add"
              >
                <input
                  aria-label="Untilted"
                  class="input"
                  max="100"
                  min="1"
                  placeholder="0"
                  required=""
                  size="5"
                  type="number"
                />
                <button
                  class="button"
                  data-testid="Untilted"
                  type="submit"
                >
                  Add To Cart
                </button>
              </div>
            </form>
          </div>
        </div>
        <div
          class="card"
        >
          <img
            alt="Quaristice Album Cover"
            src="https://i.discogs.com/YT219griISwRINCPR829FtVMYdDptGvCoi57KsHKx5k/rs:fit/g:sm/q:90/h:597/w:600/czM6Ly9kaXNjb2dz/LWRhdGFiYXNlLWlt/YWdlcy9SLTEyNTUx/MDQtMTM3OTQ2ODgx/OC01NjkxLmpwZWc.jpeg"
            width="178"
          />
          <div
            class="title"
          >
            Quaristice
          </div>
          <div
            class="stats"
          >
            2008. Ninth album. 73:15
          </div>
          <div
            class="description"
          >
            Another left turn as the duo released 20 short, widely varied tracks. Extended digital-only versions were released later.
          </div>
          <div
            class="form"
          >
            <form>
              <div
                class="input-and-add"
              >
                <input
                  aria-label="Quaristice"
                  class="input"
                  max="100"
                  min="1"
                  placeholder="0"
                  required=""
                  size="5"
                  type="number"
                />
                <button
                  class="button"
                  data-testid="Quaristice"
                  type="submit"
                >
                  Add To Cart
                </button>
              </div>
            </form>
          </div>
        </div>
        <div
          class="card"
        >
          <img
            alt="Oversteps Album Cover"
            src="https://upload.wikimedia.org/wikipedia/en/c/cc/Autechre_-_Oversteps.jpg"
            width="178"
          />
          <div
            class="title"
          >
            Oversteps
          </div>
          <div
            class="stats"
          >
            2010. Tenth album. 68:23
          </div>
          <div
            class="description"
          >
            Autechre continued to surprise their audience by releasing a remarkeably subdued album, almost ambient in places, and much less beat-driven.
          </div>
          <div
            class="form"
          >
            <form>
              <div
                class="input-and-add"
              >
                <input
                  aria-label="Oversteps"
                  class="input"
                  max="100"
                  min="1"
                  placeholder="0"
                  required=""
                  size="5"
                  type="number"
                />
                <button
                  class="button"
                  data-testid="Oversteps"
                  type="submit"
                >
                  Add To Cart
                </button>
              </div>
            </form>
          </div>
        </div>
        <div
          class="card"
        >
          <img
            alt="Exai Album Cover"
            src="https://i.discogs.com/78OozM9lvI0cOeO5WCyI0cS3mNo4SLtvqXM50sLER48/rs:fit/g:sm/q:90/h:595/w:600/czM6Ly9kaXNjb2dz/LWRhdGFiYXNlLWlt/YWdlcy9SLTQzMzgx/NDQtMTM2ODA4NTIy/NC02ODQwLmpwZWc.jpeg"
            width="178"
          />
          <div
            class="title"
          >
            Exai
          </div>
          <div
            class="stats"
          >
            2013. Eleventh album. 121:32
          </div>
          <div
            class="description"
          >
            The first double album by the duo. A mix of rough challenging beats and occasional more serene moments.
          </div>
          <div
            class="form"
          >
            <form>
              <div
                class="input-and-add"
              >
                <input
                  aria-label="Exai"
                  class="input"
                  max="100"
                  min="1"
                  placeholder="0"
                  required=""
                  size="5"
                  type="number"
                />
                <button
                  class="button"
                  data-testid="Exai"
                  type="submit"
                >
                  Add To Cart
                </button>
              </div>
            </form>
          </div>
        </div>
        <div
          class="card"
        >
          <img
            alt="elseq 1-5 Album Cover"
            src="https://d1rgjmn2wmqeif.cloudfront.net/r/73330-1.jpg"
            width="178"
          />
          <div
            class="title"
          >
            elseq 1-5
          </div>
          <div
            class="stats"
          >
            2016. Twelth album. Only available in digital format. 247:49
          </div>
          <div
            class="description"
          >
            A set of 5 mini-albums comprising 4 hours of music. Sprawling and epic. Only surpassed in scope by the 8-hour NTS Sessions in 2018.
          </div>
          <div
            class="form"
          >
            <form>
              <div
                class="input-and-add"
              >
                <input
                  aria-label="elseq 1-5"
                  class="input"
                  max="100"
                  min="1"
                  placeholder="0"
                  required=""
                  size="5"
                  type="number"
                />
                <button
                  class="button"
                  data-testid="elseq 1-5"
                  type="submit"
                >
                  Add To Cart
                </button>
              </div>
            </form>
          </div>
        </div>
      </div>
    </div>
  </div>,
  "debug": [Function],
  "findAllByAltText": [Function],
  "findAllByDisplayValue": [Function],
  "findAllByLabelText": [Function],
  "findAllByPlaceholderText": [Function],
  "findAllByRole": [Function],
  "findAllByTestId": [Function],
  "findAllByText": [Function],
  "findAllByTitle": [Function],
  "findByAltText": [Function],
  "findByDisplayValue": [Function],
  "findByLabelText": [Function],
  "findByPlaceholderText": [Function],
  "findByRole": [Function],
  "findByTestId": [Function],
  "findByText": [Function],
  "findByTitle": [Function],
  "getAllByAltText": [Function],
  "getAllByDisplayValue": [Function],
  "getAllByLabelText": [Function],
  "getAllByPlaceholderText": [Function],
  "getAllByRole": [Function],
  "getAllByTestId": [Function],
  "getAllByText": [Function],
  "getAllByTitle": [Function],
  "getByAltText": [Function],
  "getByDisplayValue": [Function],
  "getByLabelText": [Function],
  "getByPlaceholderText": [Function],
  "getByRole": [Function],
  "getByTestId": [Function],
  "getByText": [Function],
  "getByTitle": [Function],
  "queryAllByAltText": [Function],
  "queryAllByDisplayValue": [Function],
  "queryAllByLabelText": [Function],
  "queryAllByPlaceholderText": [Function],
  "queryAllByRole": [Function],
  "queryAllByTestId": [Function],
  "queryAllByText": [Function],
  "queryAllByTitle": [Function],
  "queryByAltText": [Function],
  "queryByDisplayValue": [Function],
  "queryByLabelText": [Function],
  "queryByPlaceholderText": [Function],
  "queryByRole": [Function],
  "queryByTestId": [Function],
  "queryByText": [Function],
  "queryByTitle": [Function],
  "rerender": [Function],
  "unmount": [Function],
}
`;
